// Jest Snapshot v1, https://goo.gl/fbAQLP

exports[`should render EditExpensePage snaphot 1`] = `
<div>
  <div
    className="page-header"
  >
    <div
      className="content-container"
    >
      <h1>
        Edit Expense
      </h1>
      <p>
        Easily make changes to the selected expense.
      </p>
    </div>
  </div>
  <div
    className="content-container"
  >
    <ExpenseForm
      expense={
        Object {
          "amount": 11950,
          "createdAt": 345600000,
          "description": "Rent",
          "id": "3",
          "note": "",
        }
      }
      onSubmit={[Function]}
    />
    <button
      className="button button--secondary"
      onClick={[Function]}
    >
      Remove Expense
    </button>
  </div>
</div>
`;
