// Jest Snapshot v1, https://goo.gl/fbAQLP

exports[`should render an ExpenseListItem 1`] = `
<Link
  className="list-item"
  replace={false}
  to="/edit/2"
>
  <div>
    <h3
      className="list-item__title"
    >
      Water test
    </h3>
    <span
      className="list-item__subtitle"
    >
      December 27th, 1969
       
    </span>
  </div>
  <h3
    className="list-item__amount"
  >
    $18.50
  </h3>
</Link>
`;
